// Jest Snapshot v1, https://goo.gl/fbAQLP

exports[`MovieCard should match snapshot 1`] = `
ShallowWrapper {
  "length": 1,
  Symbol(enzyme.__root__): [Circular],
  Symbol(enzyme.__unrendered__): <MovieCard
    movie={
        Object {
            "backdrop_path": "/askg3SMvhqEl4OL52YuvdtY40Yb.jpg",
            "movie_id": 354912,
            "overview": "Despite his familyâ€™s baffling generations-old ban on music, Miguel dreams of becoming an accomplished musician like his idol, Ernesto de la Cruz.",
            "poster_path": "/eKi8dIrr8voobbaGzDpe8w0PVbC.jpg",
            "release_date": "2017-10-27",
            "title": "Coco",
            "vote_average": 7.7,
          }
    }
    onFavorite={[Function]}
/>,
  Symbol(enzyme.__renderer__): Object {
    "batchedUpdates": [Function],
    "getNode": [Function],
    "render": [Function],
    "simulateEvent": [Function],
    "unmount": [Function],
  },
  Symbol(enzyme.__node__): Object {
    "instance": null,
    "key": undefined,
    "nodeType": "host",
    "props": Object {
      "children": Array [
        <Link
          replace={false}
          to="/movies/354912"
>
          <img
                    className="movie-poster"
                    src="https://image.tmdb.org/t/p/w500/eKi8dIrr8voobbaGzDpe8w0PVbC.jpg"
          />
</Link>,
        <div
          className="button-container"
>
          <button
                    className="favorite-button "
                    onClick={[Function]}
          />
</div>,
      ],
      "className": "movie-card-main",
    },
    "ref": null,
    "rendered": Array [
      Object {
        "instance": null,
        "key": undefined,
        "nodeType": "class",
        "props": Object {
          "children": <img
            className="movie-poster"
            src="https://image.tmdb.org/t/p/w500/eKi8dIrr8voobbaGzDpe8w0PVbC.jpg"
/>,
          "replace": false,
          "to": "/movies/354912",
        },
        "ref": null,
        "rendered": Object {
          "instance": null,
          "key": undefined,
          "nodeType": "host",
          "props": Object {
            "className": "movie-poster",
            "src": "https://image.tmdb.org/t/p/w500/eKi8dIrr8voobbaGzDpe8w0PVbC.jpg",
          },
          "ref": null,
          "rendered": null,
          "type": "img",
        },
        "type": [Function],
      },
      Object {
        "instance": null,
        "key": undefined,
        "nodeType": "host",
        "props": Object {
          "children": <button
            className="favorite-button "
            onClick={[Function]}
/>,
          "className": "button-container",
        },
        "ref": null,
        "rendered": Object {
          "instance": null,
          "key": undefined,
          "nodeType": "host",
          "props": Object {
            "className": "favorite-button ",
            "onClick": [Function],
          },
          "ref": null,
          "rendered": null,
          "type": "button",
        },
        "type": "div",
      },
    ],
    "type": "article",
  },
  Symbol(enzyme.__nodes__): Array [
    Object {
      "instance": null,
      "key": undefined,
      "nodeType": "host",
      "props": Object {
        "children": Array [
          <Link
            replace={false}
            to="/movies/354912"
>
            <img
                        className="movie-poster"
                        src="https://image.tmdb.org/t/p/w500/eKi8dIrr8voobbaGzDpe8w0PVbC.jpg"
            />
</Link>,
          <div
            className="button-container"
>
            <button
                        className="favorite-button "
                        onClick={[Function]}
            />
</div>,
        ],
        "className": "movie-card-main",
      },
      "ref": null,
      "rendered": Array [
        Object {
          "instance": null,
          "key": undefined,
          "nodeType": "class",
          "props": Object {
            "children": <img
              className="movie-poster"
              src="https://image.tmdb.org/t/p/w500/eKi8dIrr8voobbaGzDpe8w0PVbC.jpg"
/>,
            "replace": false,
            "to": "/movies/354912",
          },
          "ref": null,
          "rendered": Object {
            "instance": null,
            "key": undefined,
            "nodeType": "host",
            "props": Object {
              "className": "movie-poster",
              "src": "https://image.tmdb.org/t/p/w500/eKi8dIrr8voobbaGzDpe8w0PVbC.jpg",
            },
            "ref": null,
            "rendered": null,
            "type": "img",
          },
          "type": [Function],
        },
        Object {
          "instance": null,
          "key": undefined,
          "nodeType": "host",
          "props": Object {
            "children": <button
              className="favorite-button "
              onClick={[Function]}
/>,
            "className": "button-container",
          },
          "ref": null,
          "rendered": Object {
            "instance": null,
            "key": undefined,
            "nodeType": "host",
            "props": Object {
              "className": "favorite-button ",
              "onClick": [Function],
            },
            "ref": null,
            "rendered": null,
            "type": "button",
          },
          "type": "div",
        },
      ],
      "type": "article",
    },
  ],
  Symbol(enzyme.__options__): Object {
    "adapter": ReactSixteenAdapter {
      "options": Object {
        "enableComponentDidUpdateOnSetState": true,
      },
    },
  },
}
`;
